// Jest Snapshot v1, https://goo.gl/fbAQLP

exports[`Header Headers with levels test 1`] = `
<div
  aria-busy={true}
  aria-label="tail-spin-loading"
  className="sc-beySPh gZmPOF"
  data-testid="tail-spin-loading"
  role="progressbar"
>
  <svg
    data-testid="tail-spin-svg"
    height={80}
    viewBox="0 0 38 38"
    width={80}
    xmlns="http://www.w3.org/2000/svg"
  >
    <defs>
      <linearGradient
        id="a"
        x1="8.042%"
        x2="65.682%"
        y1="0%"
        y2="23.865%"
      >
        <stop
          offset="0%"
          stopColor="red"
          stopOpacity="0"
        />
        <stop
          offset="63.146%"
          stopColor="red"
          stopOpacity=".631"
        />
        <stop
          offset="100%"
          stopColor="red"
        />
      </linearGradient>
    </defs>
    <g
      fill="none"
      fillRule="evenodd"
    >
      <g
        transform="translate(1 1)"
      >
        <path
          d="M36 18c0-9.94-8.06-18-18-18"
          id="Oval-2"
          stroke="red"
          strokeWidth={2}
        >
          <animateTransform
            attributeName="transform"
            dur="0.9s"
            from="0 18 18"
            repeatCount="indefinite"
            to="360 18 18"
            type="rotate"
          />
        </path>
        <circle
          cx="36"
          cy="18"
          fill="#fff"
          r={8}
        >
          <animateTransform
            attributeName="transform"
            dur="0.9s"
            from="0 18 18"
            repeatCount="indefinite"
            to="360 18 18"
            type="rotate"
          />
        </circle>
      </g>
    </g>
  </svg>
</div>
`;
